// Jest Snapshot v1, https://goo.gl/fbAQLP

exports[`renders multiple FishCards and BugCards 1`] = `
<div>
  <h3
    className="sc-AxjAm fAGSgP"
  >
    Fish available now
  </h3>
  <div
    className="sc-AxirZ LKZry"
  >
    <div
      className="critter"
    >
      <img
        alt="fish"
        src="Moray Eel.png"
      />
      <p
        className="critter-name"
      >
        Moray Eel
      </p>
      <p>
        Sea
      </p>
      <p
        className="availability"
      >
        Available: 
        12am - 11pm
      </p>
      <p>
        Price: 
        2,000
         Bells
      </p>
    </div>
    <div
      className="critter"
    >
      <img
        alt="fish"
        src="Giant Trevally.png"
      />
      <p
        className="critter-name"
      >
        Giant Trevally
      </p>
      <p>
        Pier
      </p>
      <p
        className="availability"
      >
        Available: 
        12am - 11pm
      </p>
      <p>
        Price: 
        5,500
         Bells
      </p>
    </div>
    <div
      className="critter"
    >
      <img
        alt="fish"
        src="Piranha.png"
      />
      <p
        className="critter-name"
      >
        Piranha
      </p>
      <p>
        River
      </p>
      <p
        className="availability"
      >
        Available: 
        9am - 4pm, 9pm - 4am
      </p>
      <p>
        Price: 
        2,500
         Bells
      </p>
    </div>
  </div>
  <h3
    className="sc-AxjAm fAGSgP"
  >
    Bugs available now
  </h3>
  <div
    className="sc-AxirZ LKZry"
  >
    <div
      className="critter"
    >
      <img
        alt="bug"
        src="Ant.png"
      />
      <p
        className="critter-name"
      >
        Ant
      </p>
      <p>
        On rotten food
      </p>
      <p
        className="availability"
      >
        Available: 
        12am - 11pm
      </p>
      <p>
        Price: 
        80
         Bells
      </p>
    </div>
    <div
      className="critter"
    >
      <img
        alt="bug"
        src="Wharf Roach.png"
      />
      <p
        className="critter-name"
      >
        Wharf Roach
      </p>
      <p>
        On beach rocks
      </p>
      <p
        className="availability"
      >
        Available: 
        12am - 11pm
      </p>
      <p>
        Price: 
        200
         Bells
      </p>
    </div>
    <div
      className="critter"
    >
      <img
        alt="bug"
        src="Evening Cicada.png"
      />
      <p
        className="critter-name"
      >
        Evening Cicada
      </p>
      <p>
        On trees
      </p>
      <p
        className="availability"
      >
        Available: 
        4am - 8am, 4pm - 7pm
      </p>
      <p>
        Price: 
        550
         Bells
      </p>
    </div>
  </div>
</div>
`;
